// Jest Snapshot v1, https://goo.gl/fbAQLP

exports[`Pruebas en GlobalState debe de mostrarse correctamente 1`] = `""`;
