// Jest Snapshot v1, https://goo.gl/fbAQLP

exports[`Prubas en ContextApp debe de mostarse correctamente 1`] = `<Component />`;
