// Jest Snapshot v1, https://goo.gl/fbAQLP

exports[`Pruebas en AddUser debe de mostrarse correctamente 1`] = `
<form
  className=""
  onSubmit={[Function]}
>
  <div
    className="form-group"
  >
    <label
      className=""
    >
      Name
    </label>
    <input
      className="form-control"
      name="name"
      onChange={[Function]}
      placeholder="Enter name"
      required={true}
      type="text"
      value=""
    />
  </div>
  <button
    aria-label={null}
    className="btn btn-secondary"
    onClick={[Function]}
    type="submit"
  >
    Submit
  </button>
  <a
    className="btn btn-danger ml-2"
    href="/"
    onClick={[Function]}
  >
    Cancel
  </a>
</form>
`;
